package org.kmr2;

import org.drools.builder.ResourceType;
import org.drools.io.impl.*;

rule "Init PTSD Descriptors"
salience 999
when
then
    System.out.println("Insert reference to PTSD risk model for late loading");
    ClassPathResource res = new ClassPathResource("org/kmr2/mock/mock_ptsd.pmml");
        res.setResourceType(ResourceType.PMML);
        res.setName("MockPTSD");
        res.setDescription("Post Traumatic Stress Disorder");
        res.setTags("E,Risk");
    insert( res );
end

