package org.kmr2;

import org.drools.builder.ResourceType;
import org.drools.io.impl.*;

rule "Init Diabetes Descriptors"
salience 999
when
then
    System.out.println("Insert reference to diabetes risk model for late loading");
    ClassPathResource res = new ClassPathResource("org/kmr2/mock/mock_diab.pmml");
        res.setResourceType(ResourceType.PMML);
        res.setName("MockDiabetes");
        res.setDescription("Sweet And Sour Diabetes");
        res.setCategories("Risk");
    insert( res );
end

